
> identety@0.1.0 build
> next build

  Ôû▓ Next.js 14.2.35

   Creating an optimized production build ...
 Ô£ô Compiled successfully
   Linting and checking validity of types ...
node.exe : 
Au caractère C:\Program 
Files\nodejs\npm.ps1:29 : 3
+   & $NODE_EXE $NPM_CLI_JS $args
+   ~~~~~~~~~~~~~~~~~~~~~~~~~~~~~
    + CategoryInfo          : No 
   tSpecified: (:String) [], Re  
  moteException
    + FullyQualifiedErrorId : Na 
   tiveCommandError
 
Failed to compile.

./src/hooks/useBioPass.ts
8:5  Error: 'encryptData' is 
defined but never used.  
@typescript-eslint/no-unused-vars

info  - Need to disable some 
ESLint rules? Learn more here: ht
tps://nextjs.org/docs/basic-featu
res/eslint#disabling-rules
